Archive member included to satisfy reference by file (symbol)

c:/program files/microchip/xc8/v2.40/avr/bin/../lib/gcc/avr/5.4.0/avrxmega3/short-calls\libgcc.a(_copy_data.o)
                              build/default/debug/mcc_generated_files/device_config.o (__do_copy_data)
c:/program files/microchip/xc8/v2.40/avr/bin/../lib/gcc/avr/5.4.0/../../../../avr/lib/avrxmega3/short-calls\libc.a(exit.o)
                              C:/Program Files/Microchip/MPLABX/v6.05/packs/Microchip/ATtiny_DFP/3.0.151/xc8/avr/lib/avrxmega3/short-calls/crtattiny416.o (exit)
c:/program files/microchip/xc8/v2.40/avr/bin/../lib/gcc/avr/5.4.0/../../../../avr/lib/avrxmega3/short-calls\libc.a(_Exit.o)
                              c:/program files/microchip/xc8/v2.40/avr/bin/../lib/gcc/avr/5.4.0/../../../../avr/lib/avrxmega3/short-calls\libc.a(exit.o) (_Exit)
c:/program files/microchip/xc8/v2.40/avr/bin/../lib/gcc/avr/5.4.0/avrxmega3/short-calls\libgcc.a(_exit.o)
                              c:/program files/microchip/xc8/v2.40/avr/bin/../lib/gcc/avr/5.4.0/../../../../avr/lib/avrxmega3/short-calls\libc.a(_Exit.o) (_exit)

Discarded input sections

 .data          0x0000000000000000        0x0 C:/Program Files/Microchip/MPLABX/v6.05/packs/Microchip/ATtiny_DFP/3.0.151/xc8/avr/lib/avrxmega3/short-calls/crtattiny416.o
 .bss           0x0000000000000000        0x0 C:/Program Files/Microchip/MPLABX/v6.05/packs/Microchip/ATtiny_DFP/3.0.151/xc8/avr/lib/avrxmega3/short-calls/crtattiny416.o
 .text          0x0000000000000000        0x0 build/default/debug/mcc_generated_files/src/protected_io.o
 .data          0x0000000000000000        0x0 build/default/debug/mcc_generated_files/src/protected_io.o
 .bss           0x0000000000000000        0x0 build/default/debug/mcc_generated_files/src/protected_io.o
 .text          0x0000000000000000        0x0 build/default/debug/main.o
 .data          0x0000000000000000        0x0 build/default/debug/main.o
 .bss           0x0000000000000000        0x0 build/default/debug/main.o
 .text          0x0000000000000000        0x0 build/default/debug/mcc_generated_files/src/pin_manager.o
 .data          0x0000000000000000        0x0 build/default/debug/mcc_generated_files/src/pin_manager.o
 .bss           0x0000000000000000        0x0 build/default/debug/mcc_generated_files/src/pin_manager.o
 .text.PORTB_IO_PB5_LED_DIODE_DefaultInterruptHandler
                0x0000000000000000        0x2 build/default/debug/mcc_generated_files/src/pin_manager.o
 .text.PORTB_PB1_DefaultInterruptHandler
                0x0000000000000000        0x2 build/default/debug/mcc_generated_files/src/pin_manager.o
 .text.PORTB_IO_PB5_LED_DIODE_SetInterruptHandler
                0x0000000000000000        0x2 build/default/debug/mcc_generated_files/src/pin_manager.o
 .text.PORTB_PB1_SetInterruptHandler
                0x0000000000000000        0x2 build/default/debug/mcc_generated_files/src/pin_manager.o
 .text          0x0000000000000000        0x0 build/default/debug/mcc_generated_files/device_config.o
 .data          0x0000000000000000        0x0 build/default/debug/mcc_generated_files/device_config.o
 .bss           0x0000000000000000        0x0 build/default/debug/mcc_generated_files/device_config.o
 .text          0x0000000000000000        0x0 build/default/debug/mcc_generated_files/src/cpuint.o
 .data          0x0000000000000000        0x0 build/default/debug/mcc_generated_files/src/cpuint.o
 .bss           0x0000000000000000        0x0 build/default/debug/mcc_generated_files/src/cpuint.o
 .text          0x0000000000000000        0x0 build/default/debug/mcc_generated_files/mcc.o
 .data          0x0000000000000000        0x0 build/default/debug/mcc_generated_files/mcc.o
 .bss           0x0000000000000000        0x0 build/default/debug/mcc_generated_files/mcc.o
 .text          0x0000000000000000        0x0 build/default/debug/mcc_generated_files/src/adc0.o
 .data          0x0000000000000000        0x0 build/default/debug/mcc_generated_files/src/adc0.o
 .bss           0x0000000000000000        0x0 build/default/debug/mcc_generated_files/src/adc0.o
 .text.ADC0_Enable
                0x0000000000000000        0xc build/default/debug/mcc_generated_files/src/adc0.o
 .text.ADC0_Disable
                0x0000000000000000        0xc build/default/debug/mcc_generated_files/src/adc0.o
 .text.ADC0_EnableAutoTrigger
                0x0000000000000000        0xc build/default/debug/mcc_generated_files/src/adc0.o
 .text.ADC0_DisableAutoTrigger
                0x0000000000000000        0xc build/default/debug/mcc_generated_files/src/adc0.o
 .text.ADC0_SetWindowHigh
                0x0000000000000000        0xa build/default/debug/mcc_generated_files/src/adc0.o
 .text.ADC0_SetWindowLow
                0x0000000000000000        0xa build/default/debug/mcc_generated_files/src/adc0.o
 .text.ADC0_SetWindowMode
                0x0000000000000000        0x6 build/default/debug/mcc_generated_files/src/adc0.o
 .text.ADC0_SetWindowChannel
                0x0000000000000000        0x6 build/default/debug/mcc_generated_files/src/adc0.o
 .text.ADC0_StartConversion
                0x0000000000000000        0xc build/default/debug/mcc_generated_files/src/adc0.o
 .text.ADC0_GetConversionResult
                0x0000000000000000        0xa build/default/debug/mcc_generated_files/src/adc0.o
 .text.ADC0_GetWindowResult
                0x0000000000000000       0x10 build/default/debug/mcc_generated_files/src/adc0.o
 .text.ADC0_GetResolution
                0x0000000000000000       0x10 build/default/debug/mcc_generated_files/src/adc0.o
 .text.ADC0_RegisterWindowCallback
                0x0000000000000000        0xa build/default/debug/mcc_generated_files/src/adc0.o
 .text          0x0000000000000000        0x0 c:/program files/microchip/xc8/v2.40/avr/bin/../lib/gcc/avr/5.4.0/avrxmega3/short-calls\libgcc.a(_copy_data.o)
 .data          0x0000000000000000        0x0 c:/program files/microchip/xc8/v2.40/avr/bin/../lib/gcc/avr/5.4.0/avrxmega3/short-calls\libgcc.a(_copy_data.o)
 .bss           0x0000000000000000        0x0 c:/program files/microchip/xc8/v2.40/avr/bin/../lib/gcc/avr/5.4.0/avrxmega3/short-calls\libgcc.a(_copy_data.o)
 .text.libgcc.mul
                0x0000000000000000        0x0 c:/program files/microchip/xc8/v2.40/avr/bin/../lib/gcc/avr/5.4.0/avrxmega3/short-calls\libgcc.a(_copy_data.o)
 .text.libgcc.div
                0x0000000000000000        0x0 c:/program files/microchip/xc8/v2.40/avr/bin/../lib/gcc/avr/5.4.0/avrxmega3/short-calls\libgcc.a(_copy_data.o)
 .text.libgcc   0x0000000000000000        0x0 c:/program files/microchip/xc8/v2.40/avr/bin/../lib/gcc/avr/5.4.0/avrxmega3/short-calls\libgcc.a(_copy_data.o)
 .text.libgcc.prologue
                0x0000000000000000        0x0 c:/program files/microchip/xc8/v2.40/avr/bin/../lib/gcc/avr/5.4.0/avrxmega3/short-calls\libgcc.a(_copy_data.o)
 .text.libgcc.builtins
                0x0000000000000000        0x0 c:/program files/microchip/xc8/v2.40/avr/bin/../lib/gcc/avr/5.4.0/avrxmega3/short-calls\libgcc.a(_copy_data.o)
 .text.libgcc.fmul
                0x0000000000000000        0x0 c:/program files/microchip/xc8/v2.40/avr/bin/../lib/gcc/avr/5.4.0/avrxmega3/short-calls\libgcc.a(_copy_data.o)
 .text.libgcc.fixed
                0x0000000000000000        0x0 c:/program files/microchip/xc8/v2.40/avr/bin/../lib/gcc/avr/5.4.0/avrxmega3/short-calls\libgcc.a(_copy_data.o)
 .text          0x0000000000000000        0x0 c:/program files/microchip/xc8/v2.40/avr/bin/../lib/gcc/avr/5.4.0/../../../../avr/lib/avrxmega3/short-calls\libc.a(exit.o)
 .data          0x0000000000000000        0x0 c:/program files/microchip/xc8/v2.40/avr/bin/../lib/gcc/avr/5.4.0/../../../../avr/lib/avrxmega3/short-calls\libc.a(exit.o)
 .bss           0x0000000000000000        0x0 c:/program files/microchip/xc8/v2.40/avr/bin/../lib/gcc/avr/5.4.0/../../../../avr/lib/avrxmega3/short-calls\libc.a(exit.o)
 .text          0x0000000000000000        0x0 c:/program files/microchip/xc8/v2.40/avr/bin/../lib/gcc/avr/5.4.0/../../../../avr/lib/avrxmega3/short-calls\libc.a(_Exit.o)
 .data          0x0000000000000000        0x0 c:/program files/microchip/xc8/v2.40/avr/bin/../lib/gcc/avr/5.4.0/../../../../avr/lib/avrxmega3/short-calls\libc.a(_Exit.o)
 .bss           0x0000000000000000        0x0 c:/program files/microchip/xc8/v2.40/avr/bin/../lib/gcc/avr/5.4.0/../../../../avr/lib/avrxmega3/short-calls\libc.a(_Exit.o)
 .text          0x0000000000000000        0x0 c:/program files/microchip/xc8/v2.40/avr/bin/../lib/gcc/avr/5.4.0/avrxmega3/short-calls\libgcc.a(_exit.o)
 .data          0x0000000000000000        0x0 c:/program files/microchip/xc8/v2.40/avr/bin/../lib/gcc/avr/5.4.0/avrxmega3/short-calls\libgcc.a(_exit.o)
 .bss           0x0000000000000000        0x0 c:/program files/microchip/xc8/v2.40/avr/bin/../lib/gcc/avr/5.4.0/avrxmega3/short-calls\libgcc.a(_exit.o)
 .text.libgcc.mul
                0x0000000000000000        0x0 c:/program files/microchip/xc8/v2.40/avr/bin/../lib/gcc/avr/5.4.0/avrxmega3/short-calls\libgcc.a(_exit.o)
 .text.libgcc.div
                0x0000000000000000        0x0 c:/program files/microchip/xc8/v2.40/avr/bin/../lib/gcc/avr/5.4.0/avrxmega3/short-calls\libgcc.a(_exit.o)
 .text.libgcc   0x0000000000000000        0x0 c:/program files/microchip/xc8/v2.40/avr/bin/../lib/gcc/avr/5.4.0/avrxmega3/short-calls\libgcc.a(_exit.o)
 .text.libgcc.prologue
                0x0000000000000000        0x0 c:/program files/microchip/xc8/v2.40/avr/bin/../lib/gcc/avr/5.4.0/avrxmega3/short-calls\libgcc.a(_exit.o)
 .stack.descriptors
                0x0000000000000000       0x13 c:/program files/microchip/xc8/v2.40/avr/bin/../lib/gcc/avr/5.4.0/avrxmega3/short-calls\libgcc.a(_exit.o)
 .text.libgcc.builtins
                0x0000000000000000        0x0 c:/program files/microchip/xc8/v2.40/avr/bin/../lib/gcc/avr/5.4.0/avrxmega3/short-calls\libgcc.a(_exit.o)
 .text.libgcc.fmul
                0x0000000000000000        0x0 c:/program files/microchip/xc8/v2.40/avr/bin/../lib/gcc/avr/5.4.0/avrxmega3/short-calls\libgcc.a(_exit.o)
 .text.libgcc.fixed
                0x0000000000000000        0x0 c:/program files/microchip/xc8/v2.40/avr/bin/../lib/gcc/avr/5.4.0/avrxmega3/short-calls\libgcc.a(_exit.o)

Memory Configuration

Name             Origin             Length             Attributes
text             0x0000000000000000 0x0000000000001000 xr
data             0x0000000000803f00 0x0000000000000100 rw !x
eeprom           0x0000000000810000 0x0000000000000080 rw !x
fuse             0x0000000000820000 0x000000000000000a rw !x
lock             0x0000000000830000 0x0000000000000400 rw !x
signature        0x0000000000840000 0x0000000000000400 rw !x
user_signatures  0x0000000000850000 0x0000000000000400 rw !x
*default*        0x0000000000000000 0xffffffffffffffff

Linker script and memory map

Address of section .data set to 0x803f00
                0x0000000000008000                __RODATA_PM_OFFSET__ = 0x8000
LOAD C:/Program Files/Microchip/MPLABX/v6.05/packs/Microchip/ATtiny_DFP/3.0.151/xc8/avr/lib/avrxmega3/short-calls/crtattiny416.o
                0x0000000000000001                __MPLAB_BUILD = 0x1
LOAD build/default/debug/mcc_generated_files/src/protected_io.o
LOAD build/default/debug/main.o
LOAD build/default/debug/mcc_generated_files/src/pin_manager.o
LOAD build/default/debug/mcc_generated_files/device_config.o
LOAD build/default/debug/mcc_generated_files/src/cpuint.o
LOAD build/default/debug/mcc_generated_files/mcc.o
LOAD build/default/debug/mcc_generated_files/src/adc0.o
START GROUP
LOAD c:/program files/microchip/xc8/v2.40/avr/bin/../lib/gcc/avr/5.4.0/../../../../avr/lib/avrxmega3/short-calls\libm.a
END GROUP
                0x0000000000000001                __MPLAB_DEBUG = 0x1
                0x0000000000000001                __DEBUG = 0x1
START GROUP
LOAD c:/program files/microchip/xc8/v2.40/avr/bin/../lib/gcc/avr/5.4.0/avrxmega3/short-calls\libgcc.a
LOAD c:/program files/microchip/xc8/v2.40/avr/bin/../lib/gcc/avr/5.4.0/../../../../avr/lib/avrxmega3/short-calls\libm.a
LOAD c:/program files/microchip/xc8/v2.40/avr/bin/../lib/gcc/avr/5.4.0/../../../../avr/lib/avrxmega3/short-calls\libc.a
LOAD C:/Program Files/Microchip/MPLABX/v6.05/packs/Microchip/ATtiny_DFP/3.0.151/xc8/avr/lib/avrxmega3/short-calls\libattiny416.a
END GROUP
                [0x0000000000000000]                __TEXT_REGION_ORIGIN__ = DEFINED (__TEXT_REGION_ORIGIN__)?__TEXT_REGION_ORIGIN__:0x0
                [0x0000000000803f00]                __DATA_REGION_ORIGIN__ = DEFINED (__DATA_REGION_ORIGIN__)?__DATA_REGION_ORIGIN__:0x802000
                [0x0000000000001000]                __TEXT_REGION_LENGTH__ = DEFINED (__TEXT_REGION_LENGTH__)?__TEXT_REGION_LENGTH__:0x100000
                [0x0000000000000100]                __DATA_REGION_LENGTH__ = DEFINED (__DATA_REGION_LENGTH__)?__DATA_REGION_LENGTH__:0xffa0
                [0x0000000000000080]                __EEPROM_REGION_LENGTH__ = DEFINED (__EEPROM_REGION_LENGTH__)?__EEPROM_REGION_LENGTH__:0x10000
                [0x000000000000000a]                __FUSE_REGION_LENGTH__ = DEFINED (__FUSE_REGION_LENGTH__)?__FUSE_REGION_LENGTH__:0x400
                0x0000000000000400                __LOCK_REGION_LENGTH__ = DEFINED (__LOCK_REGION_LENGTH__)?__LOCK_REGION_LENGTH__:0x400
                0x0000000000000400                __SIGNATURE_REGION_LENGTH__ = DEFINED (__SIGNATURE_REGION_LENGTH__)?__SIGNATURE_REGION_LENGTH__:0x400
                0x0000000000000400                __USER_SIGNATURE_REGION_LENGTH__ = DEFINED (__USER_SIGNATURE_REGION_LENGTH__)?__USER_SIGNATURE_REGION_LENGTH__:0x400
                0x0000000000008000                __RODATA_PM_OFFSET__ = DEFINED (__RODATA_PM_OFFSET__)?__RODATA_PM_OFFSET__:0x8000

.hash
 *(.hash)

.dynsym
 *(.dynsym)

.dynstr
 *(.dynstr)

.gnu.version
 *(.gnu.version)

.gnu.version_d
 *(.gnu.version_d)

.gnu.version_r
 *(.gnu.version_r)

.rel.init
 *(.rel.init)

.rela.init
 *(.rela.init)

.rel.text
 *(.rel.text)
 *(.rel.text.*)
 *(.rel.gnu.linkonce.t*)

.rela.text
 *(.rela.text)
 *(.rela.text.*)
 *(.rela.gnu.linkonce.t*)

.rel.fini
 *(.rel.fini)

.rela.fini
 *(.rela.fini)

.rel.rodata
 *(.rel.rodata)
 *(.rel.rodata.*)
 *(.rel.gnu.linkonce.r*)

.rela.rodata
 *(.rela.rodata)
 *(.rela.rodata.*)
 *(.rela.gnu.linkonce.r*)

.rel.data
 *(.rel.data)
 *(.rel.data.*)
 *(.rel.gnu.linkonce.d*)

.rela.data
 *(.rela.data)
 *(.rela.data.*)
 *(.rela.gnu.linkonce.d*)

.rel.ctors
 *(.rel.ctors)

.rela.ctors
 *(.rela.ctors)

.rel.dtors
 *(.rel.dtors)

.rela.dtors
 *(.rela.dtors)

.rel.got
 *(.rel.got)

.rela.got
 *(.rela.got)

.rel.bss
 *(.rel.bss)

.rela.bss
 *(.rela.bss)

.rel.plt
 *(.rel.plt)

.rela.plt
 *(.rela.plt)

.text           0x0000000000000000       0x8a
 *(.vectors)
 .vectors       0x0000000000000000       0x34 C:/Program Files/Microchip/MPLABX/v6.05/packs/Microchip/ATtiny_DFP/3.0.151/xc8/avr/lib/avrxmega3/short-calls/crtattiny416.o
                0x0000000000000000                __vector_default
                0x0000000000000000                __vectors
 *(.vectors)
 *(.progmem.gcc*)
 *(.dinit)
 .dinit         0x0000000000000034        0x5 data_init
                0x000000000000003a                . = ALIGN (0x2)
 *fill*         0x0000000000000039        0x1 
                0x000000000000003a                __trampolines_start = .
 *(.trampolines)
 .trampolines   0x000000000000003a        0x0 linker stubs
 *(.trampolines*)
                0x000000000000003a                __trampolines_end = .
 *libprintf_flt.a:*(.progmem.data)
 *libc.a:*(.progmem.data)
                0x000000000000003a                . = ALIGN (0x2)
 *(.jumptables)
 *(.jumptables*)
 *(.lowtext)
 *(.lowtext*)
                0x000000000000003a                __ctors_start = .
 *(.ctors)
                0x000000000000003a                __ctors_end = .
                0x000000000000003a                __dtors_start = .
 *(.dtors)
                0x000000000000003a                __dtors_end = .
 SORT(*)(.ctors)
 SORT(*)(.dtors)
 *(.init0)
 .init0         0x000000000000003a        0x0 C:/Program Files/Microchip/MPLABX/v6.05/packs/Microchip/ATtiny_DFP/3.0.151/xc8/avr/lib/avrxmega3/short-calls/crtattiny416.o
                0x000000000000003a                __init
 *(.init0)
 *(.init1)
 *(.init1)
 *(.init2)
 .init2         0x000000000000003a        0xc C:/Program Files/Microchip/MPLABX/v6.05/packs/Microchip/ATtiny_DFP/3.0.151/xc8/avr/lib/avrxmega3/short-calls/crtattiny416.o
 *(.init2)
 *(.init3)
 *(.init3)
 *(.init4)
 .init4         0x0000000000000046       0x3c c:/program files/microchip/xc8/v2.40/avr/bin/../lib/gcc/avr/5.4.0/avrxmega3/short-calls\libgcc.a(_copy_data.o)
                0x0000000000000046                __do_copy_data
                0x0000000000000074                __do_clear_bss
 *(.init4)
 *(.init5)
 *(.init5)
 *(.init6)
 *(.init6)
 *(.init7)
 *(.init7)
 *(.init8)
 *(.init8)
 *(.init9)
 .init9         0x0000000000000082        0x4 C:/Program Files/Microchip/MPLABX/v6.05/packs/Microchip/ATtiny_DFP/3.0.151/xc8/avr/lib/avrxmega3/short-calls/crtattiny416.o
 *(.init9)
                0x0000000000000086                . = ALIGN (0x2)
 *(.fini9)
 .fini9         0x0000000000000086        0x0 c:/program files/microchip/xc8/v2.40/avr/bin/../lib/gcc/avr/5.4.0/avrxmega3/short-calls\libgcc.a(_exit.o)
                0x0000000000000086                _exit
 *(.fini9)
 *(.fini8)
 *(.fini8)
 *(.fini7)
 *(.fini7)
 *(.fini6)
 *(.fini6)
 *(.fini5)
 *(.fini5)
 *(.fini4)
 *(.fini4)
 *(.fini3)
 *(.fini3)
 *(.fini2)
 *(.fini2)
 *(.fini1)
 *(.fini1)
 *(.fini0)
 .fini0         0x0000000000000086        0x4 c:/program files/microchip/xc8/v2.40/avr/bin/../lib/gcc/avr/5.4.0/avrxmega3/short-calls\libgcc.a(_exit.o)
 *(.fini0)
                0x000000000000008a                _etext = .

.data           0x0000000000803f00        0x0 load address 0x000000000000008a
                [!provide]                        PROVIDE (__data_start, .)
 *(.gnu.linkonce.d*)
                0x0000000000803f00                . = ALIGN (0x2)
                0x0000000000803f00                _edata = .
                [!provide]                        PROVIDE (__data_end, .)

.bss            0x0000000000803f00        0x0
                [!provide]                        PROVIDE (__bss_start, .)
 *(COMMON)
                [!provide]                        PROVIDE (__bss_end, .)
                0x000000000000008a                __data_load_start = LOADADDR (.data)
                0x000000000000008a                __data_load_end = (__data_load_start + SIZEOF (.data))

.noinit         0x0000000000803f00        0x0
                [!provide]                        PROVIDE (__noinit_start, .)
 *(.noinit*)
                [!provide]                        PROVIDE (__noinit_end, .)
                0x0000000000803f00                _end = .

.eeprom         0x0000000000810000        0x0
 *(.eeprom*)
                0x0000000000810000                __eeprom_end = .

.fuse           0x0000000000820000        0x9
 *(.fuse)
 .fuse          0x0000000000820000        0x9 build/default/debug/mcc_generated_files/device_config.o
                0x0000000000820000                __fuse
 *(.lfuse)
 *(.hfuse)
 *(.efuse)

.lock
 *(.lock*)

.signature
 *(.signature*)

.user_signatures
 *(.user_signatures*)

.stab
 *(.stab)

.stabstr
 *(.stabstr)

.stab.excl
 *(.stab.excl)

.stab.exclstr
 *(.stab.exclstr)

.stab.index
 *(.stab.index)

.stab.indexstr
 *(.stab.indexstr)

.comment        0x0000000000000000       0x2f
 *(.comment)
 .comment       0x0000000000000000       0x2f build/default/debug/main.o
                                         0x30 (size before relaxing)
 .comment       0x000000000000002f       0x30 build/default/debug/mcc_generated_files/src/pin_manager.o
 .comment       0x000000000000002f       0x30 build/default/debug/mcc_generated_files/device_config.o
 .comment       0x000000000000002f       0x30 build/default/debug/mcc_generated_files/src/cpuint.o
 .comment       0x000000000000002f       0x30 build/default/debug/mcc_generated_files/mcc.o
 .comment       0x000000000000002f       0x30 build/default/debug/mcc_generated_files/src/adc0.o
 .comment       0x000000000000002f       0x30 c:/program files/microchip/xc8/v2.40/avr/bin/../lib/gcc/avr/5.4.0/../../../../avr/lib/avrxmega3/short-calls\libc.a(exit.o)
 .comment       0x000000000000002f       0x30 c:/program files/microchip/xc8/v2.40/avr/bin/../lib/gcc/avr/5.4.0/../../../../avr/lib/avrxmega3/short-calls\libc.a(_Exit.o)

.note.GNU-stack
                0x0000000000000000        0x0
 .note.GNU-stack
                0x0000000000000000        0x0 c:/program files/microchip/xc8/v2.40/avr/bin/../lib/gcc/avr/5.4.0/../../../../avr/lib/avrxmega3/short-calls\libc.a(exit.o)
 .note.GNU-stack
                0x0000000000000000        0x0 c:/program files/microchip/xc8/v2.40/avr/bin/../lib/gcc/avr/5.4.0/../../../../avr/lib/avrxmega3/short-calls\libc.a(_Exit.o)

.stack.descriptors.hdr
                0x0000000000000000        0xe
 .stack.descriptors.hdr
                0x0000000000000000        0xe c:/program files/microchip/xc8/v2.40/avr/bin/../lib/gcc/avr/5.4.0/avrxmega3/short-calls\libgcc.a(_exit.o)

.note.gnu.build-id
 *(.note.gnu.build-id)

.debug
 *(.debug)

.line
 *(.line)

.debug_srcinfo
 *(.debug_srcinfo)

.debug_sfnames
 *(.debug_sfnames)

.debug_aranges  0x0000000000000000      0x1b0
 *(.debug_aranges)
 .debug_aranges
                0x0000000000000000       0x20 build/default/debug/mcc_generated_files/src/protected_io.o
 .debug_aranges
                0x0000000000000020       0x20 build/default/debug/main.o
 .debug_aranges
                0x0000000000000040       0x48 build/default/debug/mcc_generated_files/src/pin_manager.o
 .debug_aranges
                0x0000000000000088       0x18 build/default/debug/mcc_generated_files/device_config.o
 .debug_aranges
                0x00000000000000a0       0x20 build/default/debug/mcc_generated_files/src/cpuint.o
 .debug_aranges
                0x00000000000000c0       0x48 build/default/debug/mcc_generated_files/mcc.o
 .debug_aranges
                0x0000000000000108       0xa8 build/default/debug/mcc_generated_files/src/adc0.o

.debug_pubnames
 *(.debug_pubnames)

.debug_info     0x0000000000000000     0x46b8
 *(.debug_info .gnu.linkonce.wi.*)
 .debug_info    0x0000000000000000     0x19c7 C:/Program Files/Microchip/MPLABX/v6.05/packs/Microchip/ATtiny_DFP/3.0.151/xc8/avr/lib/avrxmega3/short-calls/crtattiny416.o
 .debug_info    0x00000000000019c7       0x72 build/default/debug/mcc_generated_files/src/protected_io.o
 .debug_info    0x0000000000001a39      0x47e build/default/debug/main.o
 .debug_info    0x0000000000001eb7      0x6fc build/default/debug/mcc_generated_files/src/pin_manager.o
 .debug_info    0x00000000000025b3      0x839 build/default/debug/mcc_generated_files/device_config.o
 .debug_info    0x0000000000002dec      0x405 build/default/debug/mcc_generated_files/src/cpuint.o
 .debug_info    0x00000000000031f1      0x9ab build/default/debug/mcc_generated_files/mcc.o
 .debug_info    0x0000000000003b9c      0xb1c build/default/debug/mcc_generated_files/src/adc0.o

.debug_abbrev   0x0000000000000000     0x1fcf
 *(.debug_abbrev)
 .debug_abbrev  0x0000000000000000     0x1864 C:/Program Files/Microchip/MPLABX/v6.05/packs/Microchip/ATtiny_DFP/3.0.151/xc8/avr/lib/avrxmega3/short-calls/crtattiny416.o
 .debug_abbrev  0x0000000000001864       0x14 build/default/debug/mcc_generated_files/src/protected_io.o
 .debug_abbrev  0x0000000000001878       0xb1 build/default/debug/main.o
 .debug_abbrev  0x0000000000001929      0x160 build/default/debug/mcc_generated_files/src/pin_manager.o
 .debug_abbrev  0x0000000000001a89       0x97 build/default/debug/mcc_generated_files/device_config.o
 .debug_abbrev  0x0000000000001b20       0xfa build/default/debug/mcc_generated_files/src/cpuint.o
 .debug_abbrev  0x0000000000001c1a      0x169 build/default/debug/mcc_generated_files/mcc.o
 .debug_abbrev  0x0000000000001d83      0x24c build/default/debug/mcc_generated_files/src/adc0.o

.debug_line     0x0000000000000000      0xd95
 *(.debug_line .debug_line.* .debug_line_end)
 .debug_line    0x0000000000000000      0x136 C:/Program Files/Microchip/MPLABX/v6.05/packs/Microchip/ATtiny_DFP/3.0.151/xc8/avr/lib/avrxmega3/short-calls/crtattiny416.o
 .debug_line    0x0000000000000136       0x66 build/default/debug/mcc_generated_files/src/protected_io.o
 .debug_line    0x000000000000019c      0x141 build/default/debug/main.o
 .debug_line    0x00000000000002dd      0x27c build/default/debug/mcc_generated_files/src/pin_manager.o
 .debug_line    0x0000000000000559       0xf5 build/default/debug/mcc_generated_files/device_config.o
 .debug_line    0x000000000000064e      0x18a build/default/debug/mcc_generated_files/src/cpuint.o
 .debug_line    0x00000000000007d8      0x257 build/default/debug/mcc_generated_files/mcc.o
 .debug_line    0x0000000000000a2f      0x366 build/default/debug/mcc_generated_files/src/adc0.o

.debug_frame    0x0000000000000000      0x2c8
 *(.debug_frame)
 .debug_frame   0x0000000000000000       0x34 build/default/debug/main.o
 .debug_frame   0x0000000000000034       0x80 build/default/debug/mcc_generated_files/src/pin_manager.o
 .debug_frame   0x00000000000000b4       0x24 build/default/debug/mcc_generated_files/src/cpuint.o
 .debug_frame   0x00000000000000d8       0x74 build/default/debug/mcc_generated_files/mcc.o
 .debug_frame   0x000000000000014c      0x17c build/default/debug/mcc_generated_files/src/adc0.o

.debug_str      0x0000000000000000      0xb77
 *(.debug_str)
 .debug_str     0x0000000000000000      0xab9 C:/Program Files/Microchip/MPLABX/v6.05/packs/Microchip/ATtiny_DFP/3.0.151/xc8/avr/lib/avrxmega3/short-calls/crtattiny416.o
 .debug_str     0x0000000000000ab9       0x25 build/default/debug/main.o
 .debug_str     0x0000000000000ade       0x1c build/default/debug/mcc_generated_files/src/pin_manager.o
 .debug_str     0x0000000000000afa        0x0 build/default/debug/mcc_generated_files/device_config.o
 .debug_str     0x0000000000000afa       0x13 build/default/debug/mcc_generated_files/src/cpuint.o
 .debug_str     0x0000000000000b0d       0x62 build/default/debug/mcc_generated_files/mcc.o
 .debug_str     0x0000000000000b6f        0x8 build/default/debug/mcc_generated_files/src/adc0.o

.debug_loc      0x0000000000000000      0x274
 *(.debug_loc)
 .debug_loc     0x0000000000000000       0x36 build/default/debug/mcc_generated_files/src/pin_manager.o
 .debug_loc     0x0000000000000036       0x2a build/default/debug/mcc_generated_files/src/cpuint.o
 .debug_loc     0x0000000000000060      0x172 build/default/debug/mcc_generated_files/mcc.o
 .debug_loc     0x00000000000001d2       0xa2 build/default/debug/mcc_generated_files/src/adc0.o

.debug_macinfo
 *(.debug_macinfo)

.debug_weaknames
 *(.debug_weaknames)

.debug_funcnames
 *(.debug_funcnames)

.debug_typenames
 *(.debug_typenames)

.debug_varnames
 *(.debug_varnames)

.debug_pubtypes
 *(.debug_pubtypes)

.debug_ranges   0x0000000000000000      0x128
 *(.debug_ranges)
 .debug_ranges  0x0000000000000000       0x10 build/default/debug/main.o
 .debug_ranges  0x0000000000000010       0x38 build/default/debug/mcc_generated_files/src/pin_manager.o
 .debug_ranges  0x0000000000000048       0x10 build/default/debug/mcc_generated_files/src/cpuint.o
 .debug_ranges  0x0000000000000058       0x38 build/default/debug/mcc_generated_files/mcc.o
 .debug_ranges  0x0000000000000090       0x98 build/default/debug/mcc_generated_files/src/adc0.o

.debug_macro
 *(.debug_macro)
OUTPUT(dist/default/debug/test.X.debug.elf elf32-avr)
LOAD linker stubs
LOAD data_init

.note.gnu.avr.deviceinfo
                0x0000000000000000       0x3c
 .note.gnu.avr.deviceinfo
                0x0000000000000000       0x3c C:/Program Files/Microchip/MPLABX/v6.05/packs/Microchip/ATtiny_DFP/3.0.151/xc8/avr/lib/avrxmega3/short-calls/crtattiny416.o

.bss.ADC0_window_cb
                0x0000000000803f00        0x2
 .bss.ADC0_window_cb
                0x0000000000803f00        0x2 build/default/debug/mcc_generated_files/src/adc0.o
                0x0000000000803f00                ADC0_window_cb

.text.PIN_MANAGER_Initialize
                0x000000000000008a       0x86
 .text.PIN_MANAGER_Initialize
                0x000000000000008a       0x86 build/default/debug/mcc_generated_files/src/pin_manager.o
                0x000000000000008a                PIN_MANAGER_Initialize

.text.__vector_18
                0x0000000000000110       0x58
 .text.__vector_18
                0x0000000000000110       0x58 build/default/debug/mcc_generated_files/src/adc0.o
                0x0000000000000110                __vector_18

.text.CLKCTRL_Initialize
                0x0000000000000168       0x40
 .text.CLKCTRL_Initialize
                0x0000000000000168       0x40 build/default/debug/mcc_generated_files/mcc.o
                0x0000000000000168                CLKCTRL_Initialize

.text.PORT_Initialize
                0x00000000000001a8       0x38
 .text.PORT_Initialize
                0x00000000000001a8       0x38 build/default/debug/mcc_generated_files/src/pin_manager.o
                0x00000000000001a8                PORT_Initialize

.text.ADC0_Initialize
                0x00000000000001e0       0x2a
 .text.ADC0_Initialize
                0x00000000000001e0       0x2a build/default/debug/mcc_generated_files/src/adc0.o
                0x00000000000001e0                ADC0_Initialize

.text.ADC0_GetConversion
                0x000000000000020a       0x1e
 .text.ADC0_GetConversion
                0x000000000000020a       0x1e build/default/debug/mcc_generated_files/src/adc0.o
                0x000000000000020a                ADC0_GetConversion

.text.main      0x0000000000000228       0x1c
 .text.main     0x0000000000000228       0x1c build/default/debug/main.o
                0x0000000000000228                main

.text.CPUINT_Initialize
                0x0000000000000244       0x16
 .text.CPUINT_Initialize
                0x0000000000000244       0x16 build/default/debug/mcc_generated_files/src/cpuint.o
                0x0000000000000244                CPUINT_Initialize

.text.BOD_Initialize
                0x000000000000025a       0x16
 .text.BOD_Initialize
                0x000000000000025a       0x16 build/default/debug/mcc_generated_files/mcc.o
                0x000000000000025a                BOD_Initialize

.text.SYSTEM_Initialize
                0x0000000000000270       0x10
 .text.SYSTEM_Initialize
                0x0000000000000270       0x10 build/default/debug/mcc_generated_files/mcc.o
                0x0000000000000270                SYSTEM_Initialize

.text.SLPCTRL_Initialize
                0x0000000000000280        0xe
 .text.SLPCTRL_Initialize
                0x0000000000000280        0xe build/default/debug/mcc_generated_files/mcc.o
                0x0000000000000280                SLPCTRL_Initialize

.text.WDT_Initialize
                0x000000000000028e        0xe
 .text.WDT_Initialize
                0x000000000000028e        0xe build/default/debug/mcc_generated_files/mcc.o
                0x000000000000028e                WDT_Initialize

.text.exit      0x000000000000029c        0xe
 .text.exit     0x000000000000029c        0xe c:/program files/microchip/xc8/v2.40/avr/bin/../lib/gcc/avr/5.4.0/../../../../avr/lib/avrxmega3/short-calls\libc.a(exit.o)
                0x000000000000029c                exit

.text.__vector_2
                0x00000000000002aa        0xc
 .text.__vector_2
                0x00000000000002aa        0xc build/default/debug/mcc_generated_files/mcc.o
                0x00000000000002aa                __vector_2

.text.__vector_17
                0x00000000000002b6        0xc
 .text.__vector_17
                0x00000000000002b6        0xc build/default/debug/mcc_generated_files/src/adc0.o
                0x00000000000002b6                __vector_17

.text.protected_write_io
                0x00000000000002c2        0x8
 .text.protected_write_io
                0x00000000000002c2        0x8 build/default/debug/mcc_generated_files/src/protected_io.o
                0x00000000000002c2                protected_write_io

.text.ADC0_IsConversionDone
                0x00000000000002ca        0x8
 .text.ADC0_IsConversionDone
                0x00000000000002ca        0x8 build/default/debug/mcc_generated_files/src/adc0.o
                0x00000000000002ca                ADC0_IsConversionDone

.text           0x00000000000002d2        0x2
 .text          0x00000000000002d2        0x2 C:/Program Files/Microchip/MPLABX/v6.05/packs/Microchip/ATtiny_DFP/3.0.151/xc8/avr/lib/avrxmega3/short-calls/crtattiny416.o
                0x00000000000002d2                __vector_22
                0x00000000000002d2                __vector_1
                0x00000000000002d2                __vector_24
                0x00000000000002d2                __vector_12
                0x00000000000002d2                __bad_interrupt
                0x00000000000002d2                __vector_6
                0x00000000000002d2                __vector_3
                0x00000000000002d2                __vector_23
                0x00000000000002d2                __vector_25
                0x00000000000002d2                __vector_11
                0x00000000000002d2                __vector_13
                0x00000000000002d2                __vector_19
                0x00000000000002d2                __vector_7
                0x00000000000002d2                __vector_5
                0x00000000000002d2                __vector_4
                0x00000000000002d2                __vector_9
                0x00000000000002d2                __vector_21
                0x00000000000002d2                __vector_15
                0x00000000000002d2                __vector_8
                0x00000000000002d2                __vector_14
                0x00000000000002d2                __vector_10
                0x00000000000002d2                __vector_16
                0x00000000000002d2                __vector_20

.text.__dummy_fini
                0x00000000000002d4        0x2
 .text.__dummy_fini
                0x00000000000002d4        0x2 c:/program files/microchip/xc8/v2.40/avr/bin/../lib/gcc/avr/5.4.0/../../../../avr/lib/avrxmega3/short-calls\libc.a(exit.o)
                0x00000000000002d4                _fini

.text.__dummy_funcs_on_exit
                0x00000000000002d6        0x2
 .text.__dummy_funcs_on_exit
                0x00000000000002d6        0x2 c:/program files/microchip/xc8/v2.40/avr/bin/../lib/gcc/avr/5.4.0/../../../../avr/lib/avrxmega3/short-calls\libc.a(exit.o)
                0x00000000000002d6                __funcs_on_exit

.text.__dummy_simulator_exit
                0x00000000000002d8        0x2
 .text.__dummy_simulator_exit
                0x00000000000002d8        0x2 c:/program files/microchip/xc8/v2.40/avr/bin/../lib/gcc/avr/5.4.0/../../../../avr/lib/avrxmega3/short-calls\libc.a(exit.o)
                0x00000000000002d8                __simulator_exit

.text._Exit     0x00000000000002da        0x2
 .text._Exit    0x00000000000002da        0x2 c:/program files/microchip/xc8/v2.40/avr/bin/../lib/gcc/avr/5.4.0/../../../../avr/lib/avrxmega3/short-calls\libc.a(_Exit.o)
                0x00000000000002da                _Exit
